SQL> SELECT * FROM DUAL;

D                                                                               
-                                                                               
X                                                                               

SQL> DESCRIBE DUAL
 Name                                      Null?    Type
 ----------------------------------------- -------- ----------------------------
 DUMMY                                              VARCHAR2(1)

SQL> L
  1* SELECT * FROM DUAL
SQL> RUN
  1* SELECT * FROM DUAL

D                                                                               
-                                                                               
X                                                                               

SQL> /

D                                                                               
-                                                                               
X                                                                               

SQL> L 2
SP2-0226: Invalid line number 
SQL> L
  1* SELECT * FROM DUAL
SQL> I WHERE D='X'
SQL> L
  1  SELECT * FROM DUAL
  2* WHERE D='X'
SQL> RUN
  1  SELECT * FROM DUAL
  2* WHERE D='X'
WHERE D='X'
      *
ERROR at line 2:
ORA-00904: "D": invalid identifier 


SQL> C /D/DUMMY
  2* WHERE DUMMY='X'
SQL> RUN
  1  SELECT * FROM DUAL
  2* WHERE DUMMY='X'

D                                                                               
-                                                                               
X                                                                               

SQL> HELP

 HELP
 ----

 Accesses this command line help system. Enter HELP INDEX or ? INDEX
 for a list of topics.

 You can view SQL*Plus resources at
     http://www.oracle.com/technology/documentation/

 ******************************************************************************
 **  Top 12.2 features:                                                      **
 **    - Fast retrieval of data as CSV for use in applications like          **
 **      SQL*Loader. Use SQLPLUS -M "CSV ON" or SET MARKUP CSV ON            **
 **    - Improved defaults and optimizations for reports. Use SQLPLUS -F     **
 **    - Command recall. Use SET HISTORY ON and HISTORY to list previous     **
 **      commands.                                                           **
 ******************************************************************************

 HELP|? [topic]


SQL> HELP SPOOL

 SPOOL
 -----

 Stores query results in a file, or optionally sends the file to a printer.

 SPO[OL] [file_name[.ext] [CRE[ATE] | REP[LACE] | APP[END]] | OFF | OUT]


SQL> HOST ls

SQL> HOST

SQL> SHOW ALL
appinfo is OFF and set to "SQL*Plus"
arraysize 15
autocommit OFF
autoprint OFF
autorecovery OFF
autotrace OFF
blockterminator "." (hex 2e)
btitle OFF and is the first few characters of the next SELECT statement
cmdsep OFF
colinvisible OFF
colsep " "
compatibility version NATIVE
concat "." (hex 2e)
copycommit 0
COPYTYPECHECK is ON
define "&" (hex 26)
describe DEPTH 1 LINENUM OFF INDENT ON
echo OFF
editfile "afiedt.buf"
embedded OFF
errorlogging is OFF
escape OFF
escchar OFF
exitcommit ON
FEEDBACK ON for 6 or more rows
flagger OFF
flush ON
fullcolname OFF
heading ON
headsep "|" (hex 7c)
history is OFF
instance "local"
linesize 80
lno 5
loboffset 1
lobprefetch 0
logsource ""
long 80
longchunksize 80
markup HTML OFF HEAD "<style type='text/css'> body {font:10pt Arial,Helvetica,sans-serif; color:black; background:White;} p {font:10pt Arial,Helvetica,sans-serif; color:black; background:White;} table,tr,td {font:10pt Arial,Helvetica,sans-serif; color:Black; background:#f7f7e7; padding:0px 0px 0px 0px; margin:0px 0px 0px 0px;} th {font:bold 10pt Arial,Helvetica,sans-serif; color:#336699; background:#cccc99; padding:0px 0px 0px 0px;} h1 {font:16pt Arial,Helvetica,Geneva,sans-serif; color:#336699; background-color:White; border-bottom:1px solid #cccc99; margin-top:0pt; margin-bottom:0pt; padding:0px 0px 0px 0px;-
} h2 {font:bold 10pt Arial,Helvetica,Geneva,sans-serif; color:#336699; background-color:White; margin-top:4pt; margin-bottom:0pt;} a {font:9pt Arial,Helvetica,sans-serif; color:#663300; background:#ffffff; margin-top:0pt; margin-bottom:0pt; vertical-align:top;}</style><title>SQL*Plus Report</title>" BODY "" TABLE "border='1' width='90%' align='center' summary='Script output'" SPOOL OFF ENTMAP ON PREFORMAT OFF
markup CSV OFF DELIMITER , QUOTE ON
newpage 1
null ""
numformat ""
numwidth 10
pagesize 14
PAUSE is OFF
pno 1
recsep WRAP
recsepchar " " (hex 20)
release 1202000100
repfooter OFF and is NULL
repheader OFF and is NULL
rowprefetch 1
securedcol is OFF
serveroutput OFF
shiftinout INVISIBLE
showmode OFF
spool ON
sqlblanklines OFF
sqlcase MIXED
sqlcode 0
sqlcontinue "> "
sqlnumber ON
sqlpluscompatibility 12.2.0
sqlprefix "#" (hex 23)
sqlprompt "SQL> "
sqlterminator ";" (hex 3b)
statementcache is 0
suffix "sql"
tab ON
termout ON
timing OFF
trimout ON
trimspool OFF
ttitle OFF and is the first few characters of the next SELECT statement
underline "-" (hex 2d)
USER is "ALU01009771033"
verify ON
wrap : lines will be wrapped
xmloptimizationcheck OFF
SQL> SHOW LINESIZE
linesize 80
SQL> Set linesize 180
SQL> SHOW LINESIZE
linesize 180
SQL> SHOW PAGESIZE
pagesize 14
SQL> spool
currently spooling to p1.lst
SQL> spool off
